p y t h o n   :   H A R D   F A I L :   d i e t   
 
 m o d e   v i o l a t i o n      p a n e e r   
 
 n o t   a l l o w e d   f o r   v e g a n 
 
 A t   l i n e : 1   c h a r : 1 
 
 +   p y t h o n   t e s t _ v 2 . p y   >   
 
 t e s t _ l o g . t x t   2 > & 1 
 
 +   ~ ~ ~ ~ ~ ~ ~ ~ ~ ~ ~ ~ ~ ~ ~ ~ ~ ~ ~ ~ ~ ~ ~ 
 
 ~ ~ ~ ~ ~ ~ ~ ~ ~ ~ ~ ~ ~ ~ 
 
         +   C a t e g o r y I n f o               
 
               :   N o t S p e c i f i e d :       
 
     ( H A R D   F A I L :   d i e t . . . l       
 
   o w e d   f o r   v e g a n : S t r i n         
 
 g )   [ ] ,   R e m o t e E x c e p t i         
 
 o n 
 
         +   F u l l y Q u a l i f i e d E r r o   
 
       r I d   :   N a t i v e C o m m a n d E     
 
     r r o r 
 
   
 
 U n a v a i l a b l e   i n g r e d i e n t   
 
 s e l e c t e d :   m o o n g _ d a l   
 
 \ u 2 1 9 2   s w a p p e d   t o   r i c e 
 
 U n a v a i l a b l e   i n g r e d i e n t   
 
 s e l e c t e d :   m o o n g _ d a l   
 
 \ u 2 1 9 2   s w a p p e d   t o   r i c e 
 
 U n a v a i l a b l e   i n g r e d i e n t   
 
 s e l e c t e d :   m o o n g _ d a l   
 
 \ u 2 1 9 2   s w a p p e d   t o   r i c e 
 
 H A R D   F A I L :   q u o t a   
 
 e x c e e d e d      r i c e   ( 2 / 2 ) 
 
 - - -   T e s t i n g   m o d e l s   i m p o r t   - - - 
 
 m o d e l s   O K 
 
 - - -   T e s t i n g   e n v i r o n m e n t   i m p o r t   - - - 
 
 D B   s i z e :   5 0   i n g r e d i e n t s 
 
 - - -   T e s t i n g   r e w a r d   i m p o r t   - - - 
 
 r e w a r d   O K 
 
 - - -   T e s t i n g   t a s k s   i m p o r t   - - - 
 
 T a s k s :   [ ' e a s y ' ,   ' m e d i u m ' ,   ' h a r d ' ] 
 
 - - -   R u n n i n g   q u i c k   e p i s o d e   ( e a s y )   - - - 
 
 R e s e t   O K :   m e a l = b r e a k f a s t ,   s a t i e t y = 5 0 . 0 ,   u n a v a i l a b l e = 8 
 
 S t e p 1 :   r e w a r d = 1 . 4 4 ,   s a t i e t y = 7 3 . 8 ,   g a t e = 1 . 0 
 
 S t e p 2 :   r e w a r d = 1 . 7 6 ,   s a t i e t y = 9 7 . 7 
 
 S t e p 3 :   r e w a r d = 2 . 1 9 ,   s a t i e t y = 1 0 0 . 0 
 
 S t e p 4 :   d o n e = T r u e ,   r e w a r d = 5 . 1 6 
 
 h a r d _ f a i l = F a l s e ,   b u d g e t _ g a t e = 1 . 0 
 
 c l u s t e r _ u s a g e _ c o u n t s = { ' p r o t e i n s ' :   1 ,   ' w h o l e _ g r a i n s ' :   3 ,   ' l e a f y _ g r e e n s ' :   1 ,   ' r e f i n e d _ c a r b s ' :   1 ,   ' l e g u m e s ' :   1 ,   ' v e g e t a b l e s ' :   2 ,   ' d a i r y ' :   1 ,   ' f r u i t s ' :   1 } 
 
 d a i l y _ t o t a l s = { ' i r o n _ m g ' :   2 2 . 3 3 0 0 0 0 0 0 0 0 0 0 0 0 2 ,   ' c a l c i u m _ m g ' :   8 6 9 . 2 ,   ' f i b e r _ g ' :   3 2 . 3 8 2 ,   ' v i t a m i n _ c _ m g ' :   1 2 2 . 8 5 ,   ' s i m p l e _ s u g a r _ g ' :   2 1 . 2 9 } 
 
 E p i s o d e   r e w a r d   ( 0 - 1 0   s c a l e ) :   1 . 4 7 
 
 N o r m a l i z e d   g r a d e   ( 0 - 1 ) :   0 . 1 4 7 0 
 
 
 
 - - -   T e s t i n g   h a r d _ f a i l   ( v e g a n   +   p a n e e r )   - - - 
 
 h a r d _ f a i l   e x p e c t e d   T r u e :   T r u e 
 
 h a r d _ f a i l   e p i s o d e   r e w a r d   ( s h o u l d   b e   0 . 0 ) :   0 . 0 
 
 
 
 = = =   A L L   T E S T S   P A S S E D   = = = 
 
 